MariaDB [uas_sbd]> SHOW TABLES;
+------------------------+
| Tables_in_uas_sbd      |
+------------------------+
| failed_jobs            |
| migrations             |
| password_resets        |
| personal_access_tokens |
| task_categories        |
| task_dailies           |
| task_indicators        |
| task_persons           |
| task_plans             |
| users                  |
+------------------------+
10 rows in set (0.001 sec)

MariaDB [uas_sbd]> INSERT INTO task_dailies (`id`, `user_id`, `plan_id`, `task_status`, `user_verify_id`, `task_comments`, task_prove)VALUES ('fb940b68-e866-11ec-8fea-0242ac120002', '72233152-7af0-4e89-94fc-d8d02e73aba8', 'c96fdbd6-a3a4-42e3-b437-444ffd734a36', 'Process', '72233152-7af0-4e89-94fc-d8d02e73aba8', 'OKE', 'asdasd');
ERROR 1062 (23000): Duplicate entry 'fb940b68-e866-11ec-8fea-0242ac120002' for key 'PRIMARY'
MariaDB [uas_sbd]> INSERT INTO task_dailies (`id`, `user_id`, `plan_id`, `task_status`, `user_verify_id`, `task_comments`, task_prove)VALUES ('fb940b68-e866-11ec-8fea-0242ac120002', '72233152-7af0-4e89-94fc-d8d02e73aba8', 'c96fdbd6-a3a4-42e3-b437-444ffd734a36', 'Process', '72233152-7af0-4e89-94fc-d8d02e73aba8', 'OKE', 'asdasd');
Query OK, 1 row affected, 1 warning (0.003 sec)

MariaDB [uas_sbd]> SELECT * FROM task_dailies;
+--------------------------------------+--------------------------------------+--------------------------------------+-------------+--------------------+--------------------------------------+------------+---------------+------------+------------+
| id                                   | user_id                              | plan_id                              | task_status | task_complete_date | user_verify_id                       | task_prove | task_comments | created_at | updated_at |
+--------------------------------------+--------------------------------------+--------------------------------------+-------------+--------------------+--------------------------------------+------------+---------------+------------+------------+
| fb940b68-e866-11ec-8fea-0242ac120002 | 72233152-7af0-4e89-94fc-d8d02e73aba8 | c96fdbd6-a3a4-42e3-b437-444ffd734a36 | Process     | 2022-06-10         | 72233152-7af0-4e89-94fc-d8d02e73aba8 | asdasd     | OKE           | NULL       | NULL       |
+--------------------------------------+--------------------------------------+--------------------------------------+-------------+--------------------+--------------------------------------+------------+---------------+------------+------------+
1 row in set (0.000 sec)

MariaDB [uas_sbd]> SELECT * FROM task_plans;
+--------------------------------------+-----------------------------------------+--------------------+-------------------+--------------------------------------+--------------------------------------+--------------------------------------+---------------+-------------+------------+------------+
| id                                   | task_name                               | ask_duration_start | task_duration_end | user_create                          | category_id                          | indicators_id                        | task_priority | task_status | created_at | updated_at |
+--------------------------------------+-----------------------------------------+--------------------+-------------------+--------------------------------------+--------------------------------------+--------------------------------------+---------------+-------------+------------+------------+
| 924eaa0e-c8f1-4132-a032-1d98c176a8c3 | Membuat Modul add_to_cart pada Aplikasi | 2022-06-10         | 2022-06-30        | 72233152-7af0-4e89-94fc-d8d02e73aba8 | 72233152-7af0-4e89-94fc-d8d02e73aba8 | 5e72be09-384e-4097-8e78-c20e84d88112 |             1 | Pending     | NULL       | NULL       |
| c96fdbd6-a3a4-42e3-b437-444ffd734a36 | Menganalisa Data Kemahasiswaan          | 2022-06-10         | 2022-06-17        | 72233152-7af0-4e89-94fc-d8d02e73aba8 | e46f9318-ca1a-4a3d-a998-913c8fdf5917 | 669c981f-1bd6-47d5-b2ce-de568aaa160a |             2 | Process     | NULL       | NULL       |
| f1ee037b-9135-41d2-9757-091391df4fb8 | Mendokumentasikan Code                  | 2022-06-10         | 2022-06-10        | 72233152-7af0-4e89-94fc-d8d02e73aba8 | 229d48a0-a643-42c2-832f-882297db9003 | 5e72be09-384e-4097-8e78-c20e84d88112 |             3 | Process     | NULL       | NULL       |
+--------------------------------------+-----------------------------------------+--------------------+-------------------+--------------------------------------+--------------------------------------+--------------------------------------+---------------+-------------+------------+------------+
3 rows in set (0.000 sec)

MariaDB [uas_sbd]> SELECT * FROM users;
+--------------------------------------+--------+---------------+-------------------+--------------+----------------+------------+------------+
| id                                   | name   | email         | email_verified_at | password     | remember_token | created_at | updated_at |
+--------------------------------------+--------+---------------+-------------------+--------------+----------------+------------+------------+
| 51ed88b2-fb06-4606-81ba-088e9ed52d1a | User B | userb@mail.co | NULL              | MD5('12345') | NULL           | NULL       | NULL       |
| 72233152-7af0-4e89-94fc-d8d02e73aba8 | User A | user@mail.co  | NULL              | MD5('12345') | NULL           | NULL       | NULL       |
+--------------------------------------+--------+---------------+-------------------+--------------+----------------+------------+------------+
2 rows in set (0.000 sec)

MariaDB [uas_sbd]> 